=== Ejecucion ARG Runner - 2026-05-13_1745 ===
Cliente: ProTG
Tenant:  d230e1f9-ae4e-4c24-829b-dadfb4f88a52
Subs:    b428f40f-25ce-4000-b888-b850b9ffd789, 720bb4fd-9e4d-4525-95e6-3f6dfcfc6c78

[OK] 01-inventario/01-inventario-maestro - 140 filas en 1.82s 
[OK] 01-inventario/02-resumen-por-tipo - 32 filas en 0.55s 
[OK] 01-inventario/03-resumen-por-suscripcion - 2 filas en 0.82s 
[OK] 01-inventario/04-resumen-por-ubicacion - 6 filas en 0.82s 
[OK] 02-etiquetado/01-cumplimiento-tags-obligatorios - 140 filas en 0.45s 
[OK] 02-etiquetado/02-cobertura-por-suscripcion - 2 filas en 0.61s 
[OK] 02-etiquetado/03-validacion-formato-tags - 0 filas en 0.68s 
[OK] 03-finops-waste/01-discos-no-asociados - 1 filas en 0.47s 
[OK] 03-finops-waste/02-public-ips-huerfanas - 0 filas en 0.65s 
[OK] 03-finops-waste/03-nics-sin-vm - 1 filas en 0.61s 
[OK] 03-finops-waste/04-vms-apagadas - 0 filas en 0.52s 
[OK] 03-finops-waste/05-snapshots-antiguos - 0 filas en 0.51s 
[OK] 04-monitoreo-recursos/01-vms-detalle - 4 filas en 0.61s 
[OK] 04-monitoreo-recursos/02-app-services-detalle - 7 filas en 0.61s 
[OK] 04-monitoreo-recursos/03-sql-databases-detalle - 0 filas en 0.36s 
[ERROR] 04-monitoreo-recursos/04-storage-accounts-detalle - 0 filas en 0.39s - Operation returned an invalid status code 'BadRequest'
[OK] 04-monitoreo-recursos/05-aks-clusters-detalle - 0 filas en 0.42s 
[OK] 05-seguridad/01-nsgs-reglas-permisivas - 3 filas en 0.46s 
[OK] 05-seguridad/02-vms-con-ip-publica - 3 filas en 0.62s 
[OK] 06-gobierno/01-azure-policy-compliance - 2 filas en 1.67s 
